    50000000 led: 1
   100000000 led: 0
   150000000 led: 1
   200000000 led: 0
   250000000 led: 1
   300000000 led: 0
   350000000 led: 1
   400000000 led: 0
   450000000 led: 1
   500000000 led: 0
