          20 led: 1
          30 led: 0
          40 led: 1
          60 led: 1
          80 led: 0
          90 led: 1
         100 led: 0
         120 led: 0
         140 led: 1
         150 led: 0
         160 led: 1
         180 led: 1
         200 led: 0
         210 led: 1
         220 led: 0
         240 led: 0
         260 led: 1
         270 led: 0
         280 led: 1
         300 led: 1
         320 led: 0
         330 led: 1
         340 led: 0
         360 led: 0
         380 led: 1
         390 led: 0
         400 led: 1
         420 led: 1
         440 led: 0
         450 led: 1
         460 led: 0
         480 led: 0
         500 led: 1
