A
57 
21 57 
42 17 8 
0
1
2
3
42
17
17 8 
42
17
8
-
-
-

57 
57 21 
8 17 42 
8 17 42 21 57 
42 17 8 
21 57 42 17 8 
57 42 17 8 
42 17 8 21 57 42 17 8 
