Hello
!:AABBCCDDEEFFGGHHIIJJKKLLMMNNOOPPQQRRSSTTUUVVWWXXYYZZ[[\\]]^^__``aabbccddeeffgghhiijjkkllmmnnooppqqrrssttuuvvwwxxyyzz
":AABBCCDDEEFFGGHHIIJJKKLLMMNNOOPPQQRRSSTTUUVVWWXXYYZZ[[\\]]^^__``aabbccddeeffgghhiijjkkllmmnnooppqqrrssttuuvvwwxxyyzz
#:AABBCCDDEEFFGGHHIIJJKKLLMMNNOOPPQQRRSSTTUUVVWWXXYYZZ[[\\]]^^__``aabbccddeeffgghhiijjkkllmmnnooppqqrrssttuuvvwwxxyyzz
$:AABBCCDDEEFFGGHHIIJJKKLLMMNNOOPPQQRRSSTTUUVVWWXXYYZZ[[\\]]^^__``aabbccddeeffgghhiijjkkllmmnnooppqqrrssttuuvvwwxxyyzz
%:AABBCCDDEEFFGGHHIIJJKKLLMMNNOOPPQQRRSSTTUUVVWWXXYYZZ[[\\]]^^__``aabbccddeeffgghhiijjkkllmmnnooppqqrrssttuuvvwwxxyyzz
&:AABBCCDDEEFFGGHHIIJJKKLLMMNNOOPPQQRRSSTTUUVVWWXXYYZZ[[\\]]^^__``aabbccddeeffgghhiijjkkllmmnnooppqqrrssttuuvvwwxxyyzz
':AABBCCDDEEFFGGHHIIJJKKLLMMNNOOPPQQRRSSTTUUVVWWXXYYZZ[[\\]]^^__``aabbccddeeffgghhiijjkkllmmnnooppqqrrssttuuvvwwxxyyzz
(:AABBCCDDEEFFGGHHIIJJKKLLMMNNOOPPQQRRSSTTUUVVWWXXYYZZ[[\\]]^^__``aabbccddeeffgghhiijjkkllmmnnooppqqrrssttuuvvwwxxyyzz
):AABBCCDDEEFFGGHHIIJJKKLLMMNNOOPPQQRRSSTTUUVVWWXXYYZZ[[\\]]^^__``aabbccddeeffgghhiijjkkllmmnnooppqqrrssttuuvvwwxxyyzz
*:AABBCCDDEEFFGGHHIIJJKKLLMMNNOOPPQQRRSSTTUUVVWWXXYYZZ[[\\]]^^__``aabbccddeeffgghhiijjkkllmmnnooppqqrrssttuuvvwwxxyyzz
+:AABBCCDDEEFFGGHHIIJJKKLLMMNNOOPPQQRRSSTTUUVVWWXXYYZZ[[\\]]^^__``aabbccddeeffgghhiijjkkllmmnnooppqqrrssttuuvvwwxxyyzz
,:AABBCCDDEEFFGGHHIIJJKKLLMMNNOOPPQQRRSSTTUUVVWWXXYYZZ[[\\]]^^__``aabbccddeeffgghhiijjkkllmmnnooppqqrrssttuuvvwwxxyyzz
-:AABBCCDDEEFFGGHHIIJJKKLLMMNNOOPPQQRRSSTTUUVVWWXXYYZZ[[\\]]^^__``aabbccddeeffgghhiijjkkllmmnnooppqqrrssttuuvvwwxxyyzz
.:AABBCCDDEEFFGGHHIIJJKKLLMMNNOOPPQQRRSSTTUUVVWWXXYYZZ[[\\]]^^__``aabbccddeeffgghhiijjkkllmmnnooppqqrrssttuuvvwwxxyyzz
/:AABBCCDDEEFFGGHHIIJJKKLLMMNNOOPPQQRRSSTTUUVVWWXXYYZZ[[\\]]^^__``aabbccddeeffgghhiijjkkllmmnnooppqqrrssttuuvvwwxxyyzz
0:AABBCCDDEEFFGGHHIIJJKKLLMMNNOOPPQQRRSSTTUUVVWWXXYYZZ[[\\]]^^__``aabbccddeeffgghhiijjkkllmmnnooppqqrrssttuuvvwwxxyyzz
1:AABBCCDDEEFFGGHHIIJJKKLLMMNNOOPPQQRRSSTTUUVVWWXXYYZZ[[\\]]^^__``aabbccddeeffgghhiijjkkllmmnnooppqqrrssttuuvvwwxxyyzz
2:AABBCCDDEEFFGGHHIIJJKKLLMMNNOOPPQQRRSSTTUUVVWWXXYYZZ[[\\]]^^__``aabbccddeeffgghhiijjkkllmmnnooppqqrrssttuuvvwwxxyyzz
3:AABBCCDDEEFFGGHHIIJJKKLLMMNNOOPPQQRRSSTTUUVVWWXXYYZZ[[\\]]^^__``aabbccddeeffgghhiijjkkllmmnnooppqqrrssttuuvvwwxxyyzz
4:AABBCCDDEEFFGGHHIIJJKKLLMMNNOOPPQQRRSSTTUUVVWWXXYYZZ[[\\]]^^__``aabbccddeeffgghhiijjkkllmmnnooppqqrrssttuuvvwwxxyyzz
5:AABBCCDDEEFFGGHHIIJJKKLLMMNNOOPPQQRRSSTTUUVVWWXXYYZZ[[\\]]^^__``aabbccddeeffgghhiijjkkllmmnnooppqqrrssttuuvvwwxxyyzz
6:AABBCCDDEEFFGGHHIIJJKKLLMMNNOOPPQQRRSSTTUUVVWWXXYYZZ[[\\]]^^__``aabbccddeeffgghhiijjkkllmmnnooppqqrrssttuuvvwwxxyyzz
7:AABBCCDDEEFFGGHHIIJJKKLLMMNNOOPPQQRRSSTTUUVVWWXXYYZZ[[\\]]^^__``aabbccddeeffgghhiijjkkllmmnnooppqqrrssttuuvvwwxxyyzz
8:AABBCCDDEEFFGGHHIIJJKKLLMMNNOOPPQQRRSSTTUUVVWWXXYYZZ[[\\]]^^__``aabbccddeeffgghhiijjkkllmmnnooppqqrrssttuuvvwwxxyyzz
9:AABBCCDDEEFFGGHHIIJJKKLLMMNNOOPPQQRRSSTTUUVVWWXXYYZZ[[\\]]^^__``aabbccddeeffgghhiijjkkllmmnnooppqqrrssttuuvvwwxxyyzz
