[ h e l l o ]
[ h e l l o ]
[ i f m m p ]
[ l i p p s ]
