30
50
60
90
100
120
150
180
200
210
240
250
270
300
330
350
360
390
400
420
450
480
500
510
540
550
570
600
630
650
660
690
700
720
750
780
800
810
840
850
870
900
930
950
960
990
1000
1020
1050
1080
1100
1110
1140
1150
1170
1200
1230
1250
1260
1290
1300
1320
1350
1380
1400
1410
1440
1450
1470
