123456789
0
1
9
10
12
19
99
100
901
-1
-19
-987654321
