./build/test_test-scheduler
# 
# ABC
# ABC
# ABCD
# ABCD
# ABCD
#        ABCDEFGHIJKLMNOPQRSTUVWXYZ
#       AABCDEFGHIIJKLMNOPQRSTUVWXYZ
#       AABCDEFGHIJKLMNOOPQRSTUUVWXYZ
#         ABCDEEEFGHHIJKLMNOOOOPQRRSTTUUVWXYZ
#         BDFJLOQTTaceeeghhikmnoooprrsuuvwxyz
# abc
# abc
# abcd
# abcd
# abcd
#  abdgioswy
#  abcdefghijklmnopqrstuvwxyz
#  abcdefghijklmnopqrstuvwxyz
#  abcdefghijklmnopqrstuvwxyz
#  abcdefghijklmnopqrstuvwxyz
#  ACEGHIKMNOPRSUVWXYZbdfjloqt
# BCD
# CD
# D
# ad
#        BDFJLOQTaceeghikmnoooprrsuuvwxyz
#       DFJLOTaeeghmooprsuvxyz
# 
# ABC
# ABC
# ABCD
# ABCD
# ABCD
#        ABCDEFGHIJKLMNOPQRSTUVWXYZ
#       AABCDEFGHIIJKLMNOPQRSTUVWXYZ
#       AABCDEFGHIJKLMNOOPQRSTUUVWXYZ
#         ABCDEEEFGHHIJKLMNOOOOPQRRSTTUUVWXYZ
#         BDFJLOQTTaceeeghhikmnoooprrsuuvwxyz
# 
# ABC
# ABC
# ABCD
# ABCD
# ABCD
#  ABCDEFGHIJKLMNOPQRSTUVWXYZ
#        ABCDEFGHIJKLMNOPQRSTUVWXYZ
#       AABCDEFGHIIJKLMNOPQRSTUVWXYZ
#       AABCDEFGHIJKLMNOOPQRSTUUVWXYZ
#         ABCDEEEFGHHIJKLMNOOOOPQRRSTTUUVWXYZ
#         BDFJLOQTTaceeeghhikmnoooprrsuuvwxyz
# step0 step1 
# step0 step1 
# step0 
# step0 
# 
# step0 step1 
# step1 
# step0 step1 
# step1 
# PASSED
